Component: ARM Compiler 6.14 Tool: armlink [5db06800]

==============================================================================

Section Cross References

    main.o(.text) refers (Special) to _printf_d.o(.ARM.Collect$$_printf_percent$$00000009) for _printf_d
    main.o(.text) refers (Special) to _printf_f.o(.ARM.Collect$$_printf_percent$$00000003) for _printf_f
    main.o(.text) refers (Special) to printf1.o(x$fpl$printf1) for _printf_fp_dec
    main.o(.text) refers (Special) to _printf_dec.o(.text) for _printf_int_dec
    main.o(.text) refers (Special) to _printf_percent.o(.ARM.Collect$$_printf_percent$$00000000) for _printf_percent
    main.o(.text.calculate_noise) refers (Special) to _printf_d.o(.ARM.Collect$$_printf_percent$$00000009) for _printf_d
    main.o(.text.calculate_noise) refers (Special) to _printf_f.o(.ARM.Collect$$_printf_percent$$00000003) for _printf_f
    main.o(.text.calculate_noise) refers (Special) to printf1.o(x$fpl$printf1) for _printf_fp_dec
    main.o(.text.calculate_noise) refers (Special) to _printf_dec.o(.text) for _printf_int_dec
    main.o(.text.calculate_noise) refers (Special) to _printf_percent.o(.ARM.Collect$$_printf_percent$$00000000) for _printf_percent
    main.o(.text.calculate_noise) refers to dflti.o(.text) for __aeabi_i2d
    main.o(.text.calculate_noise) refers to sqrt.o(i.sqrt) for sqrt
    main.o(.ARM.exidx.text.calculate_noise) refers (Special) to _printf_d.o(.ARM.Collect$$_printf_percent$$00000009) for _printf_d
    main.o(.ARM.exidx.text.calculate_noise) refers (Special) to _printf_f.o(.ARM.Collect$$_printf_percent$$00000003) for _printf_f
    main.o(.ARM.exidx.text.calculate_noise) refers (Special) to printf1.o(x$fpl$printf1) for _printf_fp_dec
    main.o(.ARM.exidx.text.calculate_noise) refers (Special) to _printf_dec.o(.text) for _printf_int_dec
    main.o(.ARM.exidx.text.calculate_noise) refers (Special) to _printf_percent.o(.ARM.Collect$$_printf_percent$$00000000) for _printf_percent
    main.o(.ARM.exidx.text.calculate_noise) refers to main.o(.text.calculate_noise) for [Anonymous Symbol]
    main.o(.text.tx_call) refers (Special) to _printf_d.o(.ARM.Collect$$_printf_percent$$00000009) for _printf_d
    main.o(.text.tx_call) refers (Special) to _printf_f.o(.ARM.Collect$$_printf_percent$$00000003) for _printf_f
    main.o(.text.tx_call) refers (Special) to printf1.o(x$fpl$printf1) for _printf_fp_dec
    main.o(.text.tx_call) refers (Special) to _printf_dec.o(.text) for _printf_int_dec
    main.o(.text.tx_call) refers (Special) to _printf_percent.o(.ARM.Collect$$_printf_percent$$00000000) for _printf_percent
    main.o(.ARM.exidx.text.tx_call) refers (Special) to _printf_d.o(.ARM.Collect$$_printf_percent$$00000009) for _printf_d
    main.o(.ARM.exidx.text.tx_call) refers (Special) to _printf_f.o(.ARM.Collect$$_printf_percent$$00000003) for _printf_f
    main.o(.ARM.exidx.text.tx_call) refers (Special) to printf1.o(x$fpl$printf1) for _printf_fp_dec
    main.o(.ARM.exidx.text.tx_call) refers (Special) to _printf_dec.o(.text) for _printf_int_dec
    main.o(.ARM.exidx.text.tx_call) refers (Special) to _printf_percent.o(.ARM.Collect$$_printf_percent$$00000000) for _printf_percent
    main.o(.ARM.exidx.text.tx_call) refers to main.o(.text.tx_call) for [Anonymous Symbol]
    main.o(.text.main) refers (Special) to _printf_d.o(.ARM.Collect$$_printf_percent$$00000009) for _printf_d
    main.o(.text.main) refers (Special) to _printf_f.o(.ARM.Collect$$_printf_percent$$00000003) for _printf_f
    main.o(.text.main) refers (Special) to printf1.o(x$fpl$printf1) for _printf_fp_dec
    main.o(.text.main) refers (Special) to _printf_dec.o(.text) for _printf_int_dec
    main.o(.text.main) refers (Special) to _printf_percent.o(.ARM.Collect$$_printf_percent$$00000000) for _printf_percent
    main.o(.text.main) refers to periodictimer.o(.text.config_sys_clock) for config_sys_clock
    main.o(.text.main) refers to uartcom.o(.text.Com_Init) for Com_Init
    main.o(.text.main) refers to i2c.o(.text.i2c_init) for i2c_init
    main.o(.text.main) refers to mma8451.o(.text.init_mma) for init_mma
    main.o(.text.main) refers to led.o(.text.init_RGB) for init_RGB
    main.o(.text.main) refers to led.o(.text.toggle) for toggle
    main.o(.text.main) refers to periodictimer.o(.text.timer0_init) for timer0_init
    main.o(.text.main) refers to mma8451.o(.text.read_full_xyz) for read_full_xyz
    main.o(.text.main) refers to noretval__2sprintf.o(.text) for __2sprintf
    main.o(.text.main) refers to uartcom.o(.text.stdout_putstr) for stdout_putstr
    main.o(.text.main) refers to main.o(.text.calculate_noise) for calculate_noise
    main.o(.text.main) refers to step_recognition.o(.text.calculate_noise) for calculate_noise
    main.o(.text.main) refers to daddsub.o(.text) for __aeabi_dsub
    main.o(.text.main) refers to periodictimer.o(.bss.timerEvent) for timerEvent
    main.o(.text.main) refers to mma8451.o(.bss.acc_Y) for acc_Y
    main.o(.text.main) refers to mma8451.o(.bss.acc_X) for acc_X
    main.o(.text.main) refers to mma8451.o(.bss.acc_Z) for acc_Z
    main.o(.text.main) refers to main.o(.bss.buff) for [Anonymous Symbol]
    main.o(.ARM.exidx.text.main) refers (Special) to _printf_d.o(.ARM.Collect$$_printf_percent$$00000009) for _printf_d
    main.o(.ARM.exidx.text.main) refers (Special) to _printf_f.o(.ARM.Collect$$_printf_percent$$00000003) for _printf_f
    main.o(.ARM.exidx.text.main) refers (Special) to printf1.o(x$fpl$printf1) for _printf_fp_dec
    main.o(.ARM.exidx.text.main) refers (Special) to _printf_dec.o(.text) for _printf_int_dec
    main.o(.ARM.exidx.text.main) refers (Special) to _printf_percent.o(.ARM.Collect$$_printf_percent$$00000000) for _printf_percent
    main.o(.ARM.exidx.text.main) refers to main.o(.text.main) for [Anonymous Symbol]
    main.o(.bss.buff) refers (Special) to _printf_d.o(.ARM.Collect$$_printf_percent$$00000009) for _printf_d
    main.o(.bss.buff) refers (Special) to _printf_f.o(.ARM.Collect$$_printf_percent$$00000003) for _printf_f
    main.o(.bss.buff) refers (Special) to printf1.o(x$fpl$printf1) for _printf_fp_dec
    main.o(.bss.buff) refers (Special) to _printf_dec.o(.text) for _printf_int_dec
    main.o(.bss.buff) refers (Special) to _printf_percent.o(.ARM.Collect$$_printf_percent$$00000000) for _printf_percent
    main.o(.ARM.use_no_argv) refers (Special) to _printf_d.o(.ARM.Collect$$_printf_percent$$00000009) for _printf_d
    main.o(.ARM.use_no_argv) refers (Special) to _printf_f.o(.ARM.Collect$$_printf_percent$$00000003) for _printf_f
    main.o(.ARM.use_no_argv) refers (Special) to printf1.o(x$fpl$printf1) for _printf_fp_dec
    main.o(.ARM.use_no_argv) refers (Special) to _printf_dec.o(.text) for _printf_int_dec
    main.o(.ARM.use_no_argv) refers (Special) to _printf_percent.o(.ARM.Collect$$_printf_percent$$00000000) for _printf_percent
    i2c.o(.ARM.exidx.text.i2c_init) refers to i2c.o(.text.i2c_init) for [Anonymous Symbol]
    i2c.o(.ARM.exidx.text.i2c_start) refers to i2c.o(.text.i2c_start) for [Anonymous Symbol]
    i2c.o(.ARM.exidx.text.i2c_read_setup) refers to i2c.o(.text.i2c_read_setup) for [Anonymous Symbol]
    i2c.o(.ARM.exidx.text.i2c_repeated_read) refers to i2c.o(.text.i2c_repeated_read) for [Anonymous Symbol]
    i2c.o(.ARM.exidx.text.i2c_read_byte) refers to i2c.o(.text.i2c_read_byte) for [Anonymous Symbol]
    i2c.o(.ARM.exidx.text.i2c_write_byte) refers to i2c.o(.text.i2c_write_byte) for [Anonymous Symbol]
    mma8451.o(.text.init_mma) refers to i2c.o(.text.i2c_read_byte) for i2c_read_byte
    mma8451.o(.text.init_mma) refers to mma8451.o(.text.Delay) for Delay
    mma8451.o(.text.init_mma) refers to i2c.o(.text.i2c_write_byte) for i2c_write_byte
    mma8451.o(.ARM.exidx.text.init_mma) refers to mma8451.o(.text.init_mma) for [Anonymous Symbol]
    mma8451.o(.ARM.exidx.text.Delay) refers to mma8451.o(.text.Delay) for [Anonymous Symbol]
    mma8451.o(.text.read_full_xyz) refers to i2c.o(.text.i2c_start) for i2c_start
    mma8451.o(.text.read_full_xyz) refers to i2c.o(.text.i2c_read_setup) for i2c_read_setup
    mma8451.o(.text.read_full_xyz) refers to i2c.o(.text.i2c_repeated_read) for i2c_repeated_read
    mma8451.o(.text.read_full_xyz) refers to mma8451.o(.bss.acc_Y) for acc_Y
    mma8451.o(.text.read_full_xyz) refers to mma8451.o(.bss.acc_Z) for acc_Z
    mma8451.o(.text.read_full_xyz) refers to mma8451.o(.bss.acc_X) for acc_X
    mma8451.o(.ARM.exidx.text.read_full_xyz) refers to mma8451.o(.text.read_full_xyz) for [Anonymous Symbol]
    mma8451.o(.text.read_xyz) refers to i2c.o(.text.i2c_read_byte) for i2c_read_byte
    mma8451.o(.text.read_xyz) refers to mma8451.o(.text.Delay) for Delay
    mma8451.o(.text.read_xyz) refers to mma8451.o(.bss.acc_X) for acc_X
    mma8451.o(.text.read_xyz) refers to mma8451.o(.bss.acc_Y) for acc_Y
    mma8451.o(.text.read_xyz) refers to mma8451.o(.bss.acc_Z) for acc_Z
    mma8451.o(.ARM.exidx.text.read_xyz) refers to mma8451.o(.text.read_xyz) for [Anonymous Symbol]
    led.o(.ARM.exidx.text.init_RGB) refers to led.o(.text.init_RGB) for [Anonymous Symbol]
    led.o(.ARM.exidx.text.toggle) refers to led.o(.text.toggle) for [Anonymous Symbol]
    led.o(.ARM.exidx.text.toggle_r) refers to led.o(.text.toggle_r) for [Anonymous Symbol]
    led.o(.ARM.exidx.text.toggle_g) refers to led.o(.text.toggle_g) for [Anonymous Symbol]
    led.o(.ARM.exidx.text.toggle_b) refers to led.o(.text.toggle_b) for [Anonymous Symbol]
    led.o(.ARM.exidx.text.set_r) refers to led.o(.text.set_r) for [Anonymous Symbol]
    led.o(.ARM.exidx.text.set_g) refers to led.o(.text.set_g) for [Anonymous Symbol]
    led.o(.ARM.exidx.text.set_b) refers to led.o(.text.set_b) for [Anonymous Symbol]
    periodictimer.o(.text.timer0_init) refers to periodictimer.o(.text.__NVIC_EnableIRQ) for __NVIC_EnableIRQ
    periodictimer.o(.text.timer0_init) refers to periodictimer.o(.bss.timerEvent) for timerEvent
    periodictimer.o(.ARM.exidx.text.timer0_init) refers to periodictimer.o(.text.timer0_init) for [Anonymous Symbol]
    periodictimer.o(.ARM.exidx.text.__NVIC_EnableIRQ) refers to periodictimer.o(.text.__NVIC_EnableIRQ) for [Anonymous Symbol]
    periodictimer.o(.text.PIT_IRQHandler) refers to periodictimer.o(.text.__NVIC_ClearPendingIRQ) for __NVIC_ClearPendingIRQ
    periodictimer.o(.text.PIT_IRQHandler) refers to periodictimer.o(.bss.timerEvent) for timerEvent
    periodictimer.o(.ARM.exidx.text.PIT_IRQHandler) refers to periodictimer.o(.text.PIT_IRQHandler) for [Anonymous Symbol]
    periodictimer.o(.ARM.exidx.text.__NVIC_ClearPendingIRQ) refers to periodictimer.o(.text.__NVIC_ClearPendingIRQ) for [Anonymous Symbol]
    periodictimer.o(.ARM.exidx.text.config_sys_clock) refers to periodictimer.o(.text.config_sys_clock) for [Anonymous Symbol]
    uartcom.o(.text.Com_Init) refers to aeabi_sdivfast.o(.text_divfast) for __aeabi_uidiv
    uartcom.o(.text.Com_Init) refers to uartcom.o(.text.__NVIC_SetPriority) for __NVIC_SetPriority
    uartcom.o(.text.Com_Init) refers to uartcom.o(.text.__NVIC_ClearPendingIRQ) for __NVIC_ClearPendingIRQ
    uartcom.o(.text.Com_Init) refers to uartcom.o(.text.__NVIC_EnableIRQ) for __NVIC_EnableIRQ
    uartcom.o(.text.Com_Init) refers to uartcom.o(.bss.tx_active) for [Anonymous Symbol]
    uartcom.o(.text.Com_Init) refers to uartcom.o(.bss.has_byte) for [Anonymous Symbol]
    uartcom.o(.ARM.exidx.text.Com_Init) refers to uartcom.o(.text.Com_Init) for [Anonymous Symbol]
    uartcom.o(.ARM.exidx.text.__NVIC_SetPriority) refers to uartcom.o(.text.__NVIC_SetPriority) for [Anonymous Symbol]
    uartcom.o(.ARM.exidx.text.__NVIC_ClearPendingIRQ) refers to uartcom.o(.text.__NVIC_ClearPendingIRQ) for [Anonymous Symbol]
    uartcom.o(.ARM.exidx.text.__NVIC_EnableIRQ) refers to uartcom.o(.text.__NVIC_EnableIRQ) for [Anonymous Symbol]
    uartcom.o(.text.Com_HasByte) refers to uartcom.o(.bss.has_byte) for [Anonymous Symbol]
    uartcom.o(.ARM.exidx.text.Com_HasByte) refers to uartcom.o(.text.Com_HasByte) for [Anonymous Symbol]
    uartcom.o(.text.Com_GetByte) refers to uartcom.o(.bss.has_byte) for [Anonymous Symbol]
    uartcom.o(.text.Com_GetByte) refers to uartcom.o(.bss.last_byte) for [Anonymous Symbol]
    uartcom.o(.ARM.exidx.text.Com_GetByte) refers to uartcom.o(.text.Com_GetByte) for [Anonymous Symbol]
    uartcom.o(.text.Com_ReadReady) refers to uartcom.o(.bss.rx_count) for [Anonymous Symbol]
    uartcom.o(.ARM.exidx.text.Com_ReadReady) refers to uartcom.o(.text.Com_ReadReady) for [Anonymous Symbol]
    uartcom.o(.text.Com_WriteReady) refers to uartcom.o(.bss.tx_count) for [Anonymous Symbol]
    uartcom.o(.ARM.exidx.text.Com_WriteReady) refers to uartcom.o(.text.Com_WriteReady) for [Anonymous Symbol]
    uartcom.o(.text.Com_ReadByteArray) refers to uartcom.o(.bss.rx_count) for [Anonymous Symbol]
    uartcom.o(.text.Com_ReadByteArray) refers to uartcom.o(.bss.rx_buff) for [Anonymous Symbol]
    uartcom.o(.text.Com_ReadByteArray) refers to uartcom.o(.bss.rx_ind) for [Anonymous Symbol]
    uartcom.o(.text.Com_ReadByteArray) refers to uartcom.o(.bss.rx_call) for [Anonymous Symbol]
    uartcom.o(.ARM.exidx.text.Com_ReadByteArray) refers to uartcom.o(.text.Com_ReadByteArray) for [Anonymous Symbol]
    uartcom.o(.text.Com_WriteByteArray) refers to uartcom.o(.bss.tx_count) for [Anonymous Symbol]
    uartcom.o(.text.Com_WriteByteArray) refers to uartcom.o(.bss.tx_buff) for [Anonymous Symbol]
    uartcom.o(.text.Com_WriteByteArray) refers to uartcom.o(.bss.tx_ind) for [Anonymous Symbol]
    uartcom.o(.text.Com_WriteByteArray) refers to uartcom.o(.bss.tx_call) for [Anonymous Symbol]
    uartcom.o(.text.Com_WriteByteArray) refers to uartcom.o(.bss.tx_active) for [Anonymous Symbol]
    uartcom.o(.ARM.exidx.text.Com_WriteByteArray) refers to uartcom.o(.text.Com_WriteByteArray) for [Anonymous Symbol]
    uartcom.o(.text.UART0_IRQHandler) refers to uartcom.o(.text.__NVIC_ClearPendingIRQ) for __NVIC_ClearPendingIRQ
    uartcom.o(.text.UART0_IRQHandler) refers to uartcom.o(.bss.tx_active) for [Anonymous Symbol]
    uartcom.o(.text.UART0_IRQHandler) refers to uartcom.o(.bss.tx_count) for [Anonymous Symbol]
    uartcom.o(.text.UART0_IRQHandler) refers to uartcom.o(.bss.tx_ind) for [Anonymous Symbol]
    uartcom.o(.text.UART0_IRQHandler) refers to uartcom.o(.bss.tx_buff) for [Anonymous Symbol]
    uartcom.o(.text.UART0_IRQHandler) refers to uartcom.o(.bss.tx_call) for [Anonymous Symbol]
    uartcom.o(.text.UART0_IRQHandler) refers to uartcom.o(.bss.rx_count) for [Anonymous Symbol]
    uartcom.o(.text.UART0_IRQHandler) refers to uartcom.o(.bss.rx_ind) for [Anonymous Symbol]
    uartcom.o(.text.UART0_IRQHandler) refers to uartcom.o(.bss.rx_buff) for [Anonymous Symbol]
    uartcom.o(.text.UART0_IRQHandler) refers to uartcom.o(.bss.rx_call) for [Anonymous Symbol]
    uartcom.o(.text.UART0_IRQHandler) refers to uartcom.o(.bss.last_byte) for [Anonymous Symbol]
    uartcom.o(.text.UART0_IRQHandler) refers to uartcom.o(.bss.has_byte) for [Anonymous Symbol]
    uartcom.o(.ARM.exidx.text.UART0_IRQHandler) refers to uartcom.o(.text.UART0_IRQHandler) for [Anonymous Symbol]
    uartcom.o(.ARM.exidx.text.stdin_getchar) refers to uartcom.o(.text.stdin_getchar) for [Anonymous Symbol]
    uartcom.o(.ARM.exidx.text.stdout_putchar) refers to uartcom.o(.text.stdout_putchar) for [Anonymous Symbol]
    uartcom.o(.text.stdout_putstr) refers to uartcom.o(.text.stdout_putchar) for stdout_putchar
    uartcom.o(.ARM.exidx.text.stdout_putstr) refers to uartcom.o(.text.stdout_putstr) for [Anonymous Symbol]
    recorder.o(.text.RecorderInit) refers to recorder.o(.bss.use_x) for [Anonymous Symbol]
    recorder.o(.text.RecorderInit) refers to recorder.o(.bss.use_y) for [Anonymous Symbol]
    recorder.o(.text.RecorderInit) refers to recorder.o(.bss.use_z) for [Anonymous Symbol]
    recorder.o(.text.RecorderInit) refers to recorder.o(.bss.recorder_index) for [Anonymous Symbol]
    recorder.o(.text.RecorderInit) refers to recorder.o(.bss.recording) for [Anonymous Symbol]
    recorder.o(.ARM.exidx.text.RecorderInit) refers to recorder.o(.text.RecorderInit) for [Anonymous Symbol]
    recorder.o(.text.RecorderStart) refers to recorder.o(.bss.recorder_index) for [Anonymous Symbol]
    recorder.o(.text.RecorderStart) refers to recorder.o(.bss.recording) for [Anonymous Symbol]
    recorder.o(.ARM.exidx.text.RecorderStart) refers to recorder.o(.text.RecorderStart) for [Anonymous Symbol]
    recorder.o(.text.RecorderCallback) refers to mma8451.o(.text.read_full_xyz) for read_full_xyz
    recorder.o(.text.RecorderCallback) refers to recorder.o(.bss.recording) for [Anonymous Symbol]
    recorder.o(.text.RecorderCallback) refers to recorder.o(.bss.use_x) for [Anonymous Symbol]
    recorder.o(.text.RecorderCallback) refers to mma8451.o(.bss.acc_X) for acc_X
    recorder.o(.text.RecorderCallback) refers to recorder.o(.bss.recorder_index) for [Anonymous Symbol]
    recorder.o(.text.RecorderCallback) refers to recorder.o(.bss.recorder_buffer) for [Anonymous Symbol]
    recorder.o(.text.RecorderCallback) refers to recorder.o(.bss.use_y) for [Anonymous Symbol]
    recorder.o(.text.RecorderCallback) refers to mma8451.o(.bss.acc_Y) for acc_Y
    recorder.o(.text.RecorderCallback) refers to recorder.o(.bss.use_z) for [Anonymous Symbol]
    recorder.o(.text.RecorderCallback) refers to mma8451.o(.bss.acc_Z) for acc_Z
    recorder.o(.ARM.exidx.text.RecorderCallback) refers to recorder.o(.text.RecorderCallback) for [Anonymous Symbol]
    recorder.o(.text.RecorderFinished) refers to recorder.o(.bss.recording) for [Anonymous Symbol]
    recorder.o(.ARM.exidx.text.RecorderFinished) refers to recorder.o(.text.RecorderFinished) for [Anonymous Symbol]
    recorder.o(.text.RecorderGetBuffer) refers to recorder.o(.bss.recorder_buffer) for [Anonymous Symbol]
    recorder.o(.ARM.exidx.text.RecorderGetBuffer) refers to recorder.o(.text.RecorderGetBuffer) for [Anonymous Symbol]
    recorder.o(.ARM.exidx.text.RecorderGetSize) refers to recorder.o(.text.RecorderGetSize) for [Anonymous Symbol]
    step_recognition.o(.ARM.exidx.text.calculate_noise) refers to step_recognition.o(.text.calculate_noise) for [Anonymous Symbol]
    startup_mkl25z4.o(STACK) refers (Special) to heapauxi.o(.text) for __use_two_region_memory
    startup_mkl25z4.o(HEAP) refers (Special) to heapauxi.o(.text) for __use_two_region_memory
    startup_mkl25z4.o(RESET) refers (Special) to heapauxi.o(.text) for __use_two_region_memory
    startup_mkl25z4.o(RESET) refers to startup_mkl25z4.o(STACK) for __initial_sp
    startup_mkl25z4.o(RESET) refers to startup_mkl25z4.o(.text) for Reset_Handler
    startup_mkl25z4.o(RESET) refers to uartcom.o(.text.UART0_IRQHandler) for UART0_IRQHandler
    startup_mkl25z4.o(RESET) refers to periodictimer.o(.text.PIT_IRQHandler) for PIT_IRQHandler
    startup_mkl25z4.o(.ARM.__at_0x400) refers (Special) to heapauxi.o(.text) for __use_two_region_memory
    startup_mkl25z4.o(.text) refers (Special) to heapauxi.o(.text) for __use_two_region_memory
    startup_mkl25z4.o(.text) refers to system_mkl25z4.o(.text.SystemInit) for SystemInit
    startup_mkl25z4.o(.text) refers to __main.o(!!!main) for __main
    startup_mkl25z4.o(.text) refers to startup_mkl25z4.o(HEAP) for Heap_Mem
    startup_mkl25z4.o(.text) refers to startup_mkl25z4.o(STACK) for Stack_Mem
    system_mkl25z4.o(.ARM.exidx.text.SystemInit) refers to system_mkl25z4.o(.text.SystemInit) for [Anonymous Symbol]
    system_mkl25z4.o(.text.SystemCoreClockUpdate) refers to aeabi_sdivfast.o(.text_divfast) for __aeabi_uidiv
    system_mkl25z4.o(.text.SystemCoreClockUpdate) refers to system_mkl25z4.o(.data.SystemCoreClock) for SystemCoreClock
    system_mkl25z4.o(.ARM.exidx.text.SystemCoreClockUpdate) refers to system_mkl25z4.o(.text.SystemCoreClockUpdate) for [Anonymous Symbol]
    __2sprintf.o(.text) refers to _printf_char_common.o(.text) for _printf_char_common
    __2sprintf.o(.text) refers to _sputc.o(.text) for _sputc
    noretval__2sprintf.o(.text) refers to _printf_char_common.o(.text) for _printf_char_common
    noretval__2sprintf.o(.text) refers to _sputc.o(.text) for _sputc
    __printf.o(.text) refers to _printf_percent.o(.ARM.Collect$$_printf_percent$$00000000) for _printf_percent
    _printf_dec.o(.text) refers to rtudiv10.o(.text) for __rt_udiv10
    _printf_dec.o(.text) refers to _printf_intcommon.o(.text) for _printf_int_common
    __printf_flags.o(.text) refers to _printf_percent.o(.ARM.Collect$$_printf_percent$$00000000) for _printf_percent
    __printf_flags.o(.text) refers to __printf_flags.o(.constdata) for .constdata
    __printf_ss.o(.text) refers to _printf_percent.o(.ARM.Collect$$_printf_percent$$00000000) for _printf_percent
    __printf_flags_ss.o(.text) refers to _printf_percent.o(.ARM.Collect$$_printf_percent$$00000000) for _printf_percent
    __printf_flags_ss.o(.text) refers to __printf_flags_ss.o(.constdata) for .constdata
    __printf_wp.o(.text) refers to __printf_wp.o(i._is_digit) for _is_digit
    __printf_wp.o(.text) refers to _printf_percent.o(.ARM.Collect$$_printf_percent$$00000000) for _printf_percent
    __printf_flags_wp.o(.text) refers to __printf_wp.o(i._is_digit) for _is_digit
    __printf_flags_wp.o(.text) refers to _printf_percent.o(.ARM.Collect$$_printf_percent$$00000000) for _printf_percent
    __printf_flags_wp.o(.text) refers to __printf_flags_wp.o(.constdata) for .constdata
    __printf_ss_wp.o(.text) refers to __printf_wp.o(i._is_digit) for _is_digit
    __printf_ss_wp.o(.text) refers to _printf_percent.o(.ARM.Collect$$_printf_percent$$00000000) for _printf_percent
    __printf_flags_ss_wp.o(.text) refers to __printf_wp.o(i._is_digit) for _is_digit
    __printf_flags_ss_wp.o(.text) refers to _printf_percent.o(.ARM.Collect$$_printf_percent$$00000000) for _printf_percent
    __printf_flags_ss_wp.o(.text) refers to __printf_flags_ss_wp.o(.constdata) for .constdata
    _printf_d.o(.ARM.Collect$$_printf_percent$$00000009) refers (Weak) to _printf_dec.o(.text) for _printf_int_dec
    _printf_f.o(.ARM.Collect$$_printf_percent$$00000003) refers (Weak) to printf1.o(x$fpl$printf1) for _printf_fp_dec
    _printf_percent.o(.ARM.Collect$$_printf_percent$$00000000) refers (Special) to _printf_percent_end.o(.ARM.Collect$$_printf_percent$$00000017) for _printf_percent_end
    __main.o(!!!main) refers to __rtentry.o(.ARM.Collect$$rtentry$$00000000) for __rt_entry
    daddsub.o(.text) refers (Special) to usenofp.o(x$fpl$usenofp) for __I$use$fp
    dflti.o(.text) refers (Special) to usenofp.o(x$fpl$usenofp) for __I$use$fp
    printf1.o(x$fpl$printf1) refers to _printf_fp_dec.o(.text) for _printf_fp_dec_real
    sqrt.o(i.__softfp_sqrt) refers (Special) to usenofp.o(x$fpl$usenofp) for __I$use$fp
    sqrt.o(i.__softfp_sqrt) refers to dsqrt.o(.text) for _dsqrt
    sqrt.o(i.__softfp_sqrt) refers to _rserrno.o(.text) for __set_errno
    sqrt.o(i.sqrt) refers (Special) to usenofp.o(x$fpl$usenofp) for __I$use$fp
    sqrt.o(i.sqrt) refers to dsqrt.o(.text) for _dsqrt
    sqrt.o(i.sqrt) refers to _rserrno.o(.text) for __set_errno
    sqrt_x.o(i.____softfp_sqrt$lsc) refers (Special) to usenofp.o(x$fpl$usenofp) for __I$use$fp
    sqrt_x.o(i.____softfp_sqrt$lsc) refers to dlef.o(x$fpl$dleqf) for __aeabi_cdcmple
    sqrt_x.o(i.____softfp_sqrt$lsc) refers to _rserrno.o(.text) for __set_errno
    sqrt_x.o(i.____softfp_sqrt$lsc) refers to dsqrt.o(.text) for _dsqrt
    sqrt_x.o(i.__sqrt$lsc) refers (Special) to usenofp.o(x$fpl$usenofp) for __I$use$fp
    sqrt_x.o(i.__sqrt$lsc) refers to dlef.o(x$fpl$dleqf) for __aeabi_cdcmple
    sqrt_x.o(i.__sqrt$lsc) refers to _rserrno.o(.text) for __set_errno
    sqrt_x.o(i.__sqrt$lsc) refers to dsqrt.o(.text) for _dsqrt
    __rtentry.o(.ARM.Collect$$rtentry$$00000000) refers (Special) to __rtentry2.o(.ARM.Collect$$rtentry$$0000000A) for __rt_entry_li
    __rtentry.o(.ARM.Collect$$rtentry$$00000000) refers (Special) to __rtentry2.o(.ARM.Collect$$rtentry$$0000000D) for __rt_entry_main
    __rtentry.o(.ARM.Collect$$rtentry$$00000000) refers (Special) to __rtentry2.o(.ARM.Collect$$rtentry$$0000000C) for __rt_entry_postli_1
    __rtentry.o(.ARM.Collect$$rtentry$$00000000) refers (Special) to __rtentry2.o(.ARM.Collect$$rtentry$$00000009) for __rt_entry_postsh_1
    __rtentry.o(.ARM.Collect$$rtentry$$00000000) refers (Special) to __rtentry2.o(.ARM.Collect$$rtentry$$00000002) for __rt_entry_presh_1
    __rtentry.o(.ARM.Collect$$rtentry$$00000000) refers (Special) to __rtentry4.o(.ARM.Collect$$rtentry$$00000004) for __rt_entry_sh
    aeabi_idiv0_sigfpe.o(.text) refers to rt_div0.o(.text) for __rt_div0
    _rserrno.o(.text) refers to rt_errno_addr_intlibspace.o(.text) for __aeabi_errno_addr
    _printf_fp_dec.o(.text) refers (Special) to usenofp.o(x$fpl$usenofp) for __I$use$fp
    _printf_fp_dec.o(.text) refers (Special) to lc_numeric_c.o(locale$$code) for _get_lc_numeric
    _printf_fp_dec.o(.text) refers to bigflt0.o(.text) for _btod_etento
    _printf_fp_dec.o(.text) refers to btod.o(.text) for _btod_d2e
    _printf_fp_dec.o(.text) refers to lludiv10.o(.text) for _ll_udiv10
    _printf_fp_dec.o(.text) refers to fpclassify.o(i.__ARM_fpclassify) for __ARM_fpclassify
    _printf_fp_dec.o(.text) refers to _printf_fp_infnan.o(.text) for _printf_fp_infnan
    _printf_fp_dec.o(.text) refers to rtudiv10.o(.text) for __rt_udiv10
    _printf_fp_dec.o(.text) refers to rt_locale_intlibspace.o(.text) for __rt_locale
    _printf_fp_dec_accurate.o(.text) refers (Special) to usenofp.o(x$fpl$usenofp) for __I$use$fp
    _printf_fp_dec_accurate.o(.text) refers (Special) to lc_numeric_c.o(locale$$code) for _get_lc_numeric
    _printf_fp_dec_accurate.o(.text) refers to btod_accurate.o(.text) for _btod_main
    _printf_fp_dec_accurate.o(.text) refers to fpclassify.o(i.__ARM_fpclassify) for __ARM_fpclassify
    _printf_fp_dec_accurate.o(.text) refers to _printf_fp_infnan.o(.text) for _printf_fp_infnan
    _printf_fp_dec_accurate.o(.text) refers to rtudiv10.o(.text) for __rt_udiv10
    _printf_fp_dec_accurate.o(.text) refers to rt_locale_intlibspace.o(.text) for __rt_locale
    _printf_char_common.o(.text) refers to __printf.o(.text) for __printf
    dlef.o(x$fpl$dleqf) refers (Special) to usenofp.o(x$fpl$usenofp) for __I$use$fp
    dlef.o(x$fpl$dleqf) refers to dcmpin.o(.text) for __fpl_dcmp_InfNaN
    dsqrt.o(.text) refers (Special) to usenofp.o(x$fpl$usenofp) for __I$use$fp
    __rtentry2.o(.ARM.Collect$$rtentry$$00000008) refers to boardinit2.o(.text) for _platform_post_stackheap_init
    __rtentry2.o(.ARM.Collect$$rtentry$$0000000A) refers to libinit.o(.ARM.Collect$$libinit$$00000000) for __rt_lib_init
    __rtentry2.o(.ARM.Collect$$rtentry$$0000000B) refers to boardinit3.o(.text) for _platform_post_lib_init
    __rtentry2.o(.ARM.Collect$$rtentry$$0000000D) refers to main.o(.text.main) for main
    __rtentry2.o(.ARM.Collect$$rtentry$$0000000D) refers to exit.o(.text) for exit
    __rtentry2.o(.ARM.exidx) refers to __rtentry2.o(.ARM.Collect$$rtentry$$00000001) for .ARM.Collect$$rtentry$$00000001
    __rtentry2.o(.ARM.exidx) refers to __rtentry2.o(.ARM.Collect$$rtentry$$00000008) for .ARM.Collect$$rtentry$$00000008
    __rtentry2.o(.ARM.exidx) refers to __rtentry2.o(.ARM.Collect$$rtentry$$0000000A) for .ARM.Collect$$rtentry$$0000000A
    __rtentry2.o(.ARM.exidx) refers to __rtentry2.o(.ARM.Collect$$rtentry$$0000000B) for .ARM.Collect$$rtentry$$0000000B
    __rtentry2.o(.ARM.exidx) refers to __rtentry2.o(.ARM.Collect$$rtentry$$0000000D) for .ARM.Collect$$rtentry$$0000000D
    __rtentry4.o(.ARM.Collect$$rtentry$$00000004) refers to sys_stackheap_outer.o(.text) for __user_setup_stackheap
    __rtentry4.o(.ARM.exidx) refers to __rtentry4.o(.ARM.Collect$$rtentry$$00000004) for .ARM.Collect$$rtentry$$00000004
    rt_div0.o(.text) refers to defsig_fpe_outer.o(.text) for __rt_SIGFPE
    rt_locale.o(.text) refers to rt_locale.o(.bss) for __rt_locale_data
    rt_locale_intlibspace.o(.text) refers to libspace.o(.bss) for __libspace_start
    rt_errno_addr.o(.text) refers to rt_errno_addr.o(.bss) for __aeabi_errno_addr_data
    rt_errno_addr_intlibspace.o(.text) refers to libspace.o(.bss) for __libspace_start
    bigflt0.o(.text) refers (Special) to usenofp.o(x$fpl$usenofp) for __I$use$fp
    bigflt0.o(.text) refers to aeabi_sdivfast.o(.text) for __aeabi_idivmod
    bigflt0.o(.text) refers to btod.o(.text) for _btod_emul
    bigflt0.o(.text) refers to bigflt0.o(.constdata) for .constdata
    bigflt0.o(.constdata) refers (Special) to usenofp.o(x$fpl$usenofp) for __I$use$fp
    btod.o(.text) refers to btod.o(i.__ARM_common_ll_muluu) for __ARM_common_ll_muluu
    btod_accurate.o(.text) refers to btod_accurate_common.o(.text) for _btod_common
    lc_numeric_c.o(locale$$data) refers (Special) to libinit2.o(.ARM.Collect$$libinit$$00000016) for __rt_lib_init_lc_numeric_2
    lc_numeric_c.o(locale$$code) refers (Special) to libinit2.o(.ARM.Collect$$libinit$$00000016) for __rt_lib_init_lc_numeric_2
    lc_numeric_c.o(locale$$code) refers to strcmpv6m.o(.text) for strcmp
    lc_numeric_c.o(locale$$code) refers to lc_numeric_c.o(locale$$data) for __lcnum_c_name
    dcmpin.o(.text) refers (Special) to usenofp.o(x$fpl$usenofp) for __I$use$fp
    dcmpin.o(.text) refers to cmpret.o(.text) for __fpl_cmpreturn
    dcmpin.o(.text) refers to dnan2.o(.text) for __fpl_dcheck_NaN2
    ieee_status.o(.text) refers (Special) to usenofp.o(x$fpl$usenofp) for __I$use$fp
    fpclassify.o(i.__ARM_fpclassify) refers (Special) to usenofp.o(x$fpl$usenofp) for __I$use$fp
    libspace.o(.text) refers to libspace.o(.bss) for __libspace_start
    sys_stackheap_outer.o(.text) refers to libspace.o(.text) for __user_perproc_libspace
    sys_stackheap_outer.o(.text) refers to startup_mkl25z4.o(.text) for __user_initial_stackheap
    sys_stackheap_outer.o(__vectab_stack_and_reset_area) refers to tempstk.o(.text) for __temporary_stack_top
    sys_stackheap_outer.o(__vectab_stack_and_reset_area) refers to __main.o(!!!main) for __main
    btod_accurate_common.o(.text) refers to aeabi_sdivfast.o(.text) for __aeabi_uidivmod
    btod_accurate_common.o(.text) refers to llushr.o(.text) for __aeabi_llsr
    exit.o(.text) refers to rtexit.o(.ARM.Collect$$rtexit$$00000000) for __rt_exit
    defsig_fpe_outer.o(.text) refers to defsig_fpe_inner.o(.text) for __rt_SIGFPE_inner
    defsig_fpe_outer.o(.text) refers to defsig_exit.o(.text) for __sig_exit
    defsig_fpe_formal.o(.text) refers to rt_raise.o(.text) for __rt_raise
    libinit.o(.ARM.Collect$$libinit$$00000000) refers (Special) to libinit2.o(.ARM.Collect$$libinit$$0000002E) for __rt_lib_init_alloca_1
    libinit.o(.ARM.Collect$$libinit$$00000000) refers (Special) to libinit2.o(.ARM.Collect$$libinit$$0000002C) for __rt_lib_init_argv_1
    libinit.o(.ARM.Collect$$libinit$$00000000) refers (Special) to libinit2.o(.ARM.Collect$$libinit$$0000001B) for __rt_lib_init_atexit_1
    libinit.o(.ARM.Collect$$libinit$$00000000) refers (Special) to libinit2.o(.ARM.Collect$$libinit$$00000021) for __rt_lib_init_clock_1
    libinit.o(.ARM.Collect$$libinit$$00000000) refers (Special) to libinit2.o(.ARM.Collect$$libinit$$00000032) for __rt_lib_init_cpp_1
    libinit.o(.ARM.Collect$$libinit$$00000000) refers (Special) to libinit2.o(.ARM.Collect$$libinit$$00000030) for __rt_lib_init_exceptions_1
    libinit.o(.ARM.Collect$$libinit$$00000000) refers (Special) to libinit2.o(.ARM.Collect$$libinit$$00000002) for __rt_lib_init_fp_1
    libinit.o(.ARM.Collect$$libinit$$00000000) refers (Special) to libinit2.o(.ARM.Collect$$libinit$$0000001F) for __rt_lib_init_fp_trap_1
    libinit.o(.ARM.Collect$$libinit$$00000000) refers (Special) to libinit2.o(.ARM.Collect$$libinit$$00000023) for __rt_lib_init_getenv_1
    libinit.o(.ARM.Collect$$libinit$$00000000) refers (Special) to libinit2.o(.ARM.Collect$$libinit$$0000000A) for __rt_lib_init_heap_1
    libinit.o(.ARM.Collect$$libinit$$00000000) refers (Special) to libinit2.o(.ARM.Collect$$libinit$$00000011) for __rt_lib_init_lc_collate_1
    libinit.o(.ARM.Collect$$libinit$$00000000) refers (Special) to libinit2.o(.ARM.Collect$$libinit$$00000013) for __rt_lib_init_lc_ctype_1
    libinit.o(.ARM.Collect$$libinit$$00000000) refers (Special) to libinit2.o(.ARM.Collect$$libinit$$00000015) for __rt_lib_init_lc_monetary_1
    libinit.o(.ARM.Collect$$libinit$$00000000) refers (Special) to libinit2.o(.ARM.Collect$$libinit$$00000017) for __rt_lib_init_lc_numeric_1
    libinit.o(.ARM.Collect$$libinit$$00000000) refers (Special) to libinit2.o(.ARM.Collect$$libinit$$00000019) for __rt_lib_init_lc_time_1
    libinit.o(.ARM.Collect$$libinit$$00000000) refers (Special) to libinit2.o(.ARM.Collect$$libinit$$00000004) for __rt_lib_init_preinit_1
    libinit.o(.ARM.Collect$$libinit$$00000000) refers (Special) to libinit2.o(.ARM.Collect$$libinit$$0000000E) for __rt_lib_init_rand_1
    libinit.o(.ARM.Collect$$libinit$$00000000) refers (Special) to libinit2.o(.ARM.Collect$$libinit$$00000033) for __rt_lib_init_return
    libinit.o(.ARM.Collect$$libinit$$00000000) refers (Special) to libinit2.o(.ARM.Collect$$libinit$$0000001D) for __rt_lib_init_signal_1
    libinit.o(.ARM.Collect$$libinit$$00000000) refers (Special) to libinit2.o(.ARM.Collect$$libinit$$00000025) for __rt_lib_init_stdio_1
    libinit.o(.ARM.Collect$$libinit$$00000000) refers (Special) to libinit2.o(.ARM.Collect$$libinit$$0000000C) for __rt_lib_init_user_alloc_1
    libinit2.o(.ARM.Collect$$libinit$$0000000F) refers (Weak) to rt_locale_intlibspace.o(.text) for __rt_locale
    libinit2.o(.ARM.Collect$$libinit$$00000010) refers to libinit2.o(.ARM.Collect$$libinit$$0000000F) for .ARM.Collect$$libinit$$0000000F
    libinit2.o(.ARM.Collect$$libinit$$00000012) refers to libinit2.o(.ARM.Collect$$libinit$$0000000F) for .ARM.Collect$$libinit$$0000000F
    libinit2.o(.ARM.Collect$$libinit$$00000014) refers to libinit2.o(.ARM.Collect$$libinit$$0000000F) for .ARM.Collect$$libinit$$0000000F
    libinit2.o(.ARM.Collect$$libinit$$00000016) refers to libinit2.o(.ARM.Collect$$libinit$$0000000F) for .ARM.Collect$$libinit$$0000000F
    libinit2.o(.ARM.Collect$$libinit$$00000016) refers (Weak) to lc_numeric_c.o(locale$$code) for _get_lc_numeric
    libinit2.o(.ARM.Collect$$libinit$$00000018) refers to libinit2.o(.ARM.Collect$$libinit$$0000000F) for .ARM.Collect$$libinit$$0000000F
    libinit2.o(.ARM.Collect$$libinit$$00000026) refers to argv_veneer.o(.text) for __ARM_argv_veneer
    libinit2.o(.ARM.Collect$$libinit$$00000027) refers to argv_veneer.o(.text) for __ARM_argv_veneer
    cmpret.o(.text) refers (Special) to usenofp.o(x$fpl$usenofp) for __I$use$fp
    dnan2.o(.text) refers (Special) to usenofp.o(x$fpl$usenofp) for __I$use$fp
    dnan2.o(.text) refers to retnan.o(.text) for __fpl_return_NaN
    rtexit.o(.ARM.Collect$$rtexit$$00000000) refers (Special) to rtexit2.o(.ARM.Collect$$rtexit$$00000004) for __rt_exit_exit
    rtexit.o(.ARM.Collect$$rtexit$$00000000) refers (Special) to rtexit2.o(.ARM.Collect$$rtexit$$00000003) for __rt_exit_ls
    rtexit.o(.ARM.Collect$$rtexit$$00000000) refers (Special) to rtexit2.o(.ARM.Collect$$rtexit$$00000002) for __rt_exit_prels_1
    rtexit.o(.ARM.exidx) refers (Special) to rtexit2.o(.ARM.Collect$$rtexit$$00000004) for __rt_exit_exit
    rtexit.o(.ARM.exidx) refers (Special) to rtexit2.o(.ARM.Collect$$rtexit$$00000003) for __rt_exit_ls
    rtexit.o(.ARM.exidx) refers (Special) to rtexit2.o(.ARM.Collect$$rtexit$$00000002) for __rt_exit_prels_1
    rtexit.o(.ARM.exidx) refers to rtexit.o(.ARM.Collect$$rtexit$$00000000) for .ARM.Collect$$rtexit$$00000000
    rt_raise.o(.text) refers to __raise.o(.text) for __raise
    rt_raise.o(.text) refers to sys_exit.o(.text) for _sys_exit
    defsig_exit.o(.text) refers to sys_exit.o(.text) for _sys_exit
    defsig_fpe_inner.o(.text) refers to defsig_general.o(.text) for __default_signal_display
    retnan.o(.text) refers (Special) to usenofp.o(x$fpl$usenofp) for __I$use$fp
    retnan.o(.text) refers to cmpret.o(.text) for __fpl_cmpreturn
    sys_exit.o(.text) refers (Special) to use_no_semi.o(.text) for __I$use$semihosting
    sys_exit.o(.text) refers (Special) to indicate_semi.o(.text) for __semihosting_library_function
    sys_exit_hlt.o(.text) refers (Special) to use_no_semi.o(.text) for __I$use$semihosting
    sys_exit_hlt.o(.text) refers (Special) to indicate_semi.o(.text) for __semihosting_library_function
    rtexit2.o(.ARM.Collect$$rtexit$$00000003) refers to libshutdown.o(.ARM.Collect$$libshutdown$$00000000) for __rt_lib_shutdown
    rtexit2.o(.ARM.Collect$$rtexit$$00000004) refers to sys_exit.o(.text) for _sys_exit
    rtexit2.o(.ARM.exidx) refers to rtexit2.o(.ARM.Collect$$rtexit$$00000001) for .ARM.Collect$$rtexit$$00000001
    rtexit2.o(.ARM.exidx) refers to rtexit2.o(.ARM.Collect$$rtexit$$00000003) for .ARM.Collect$$rtexit$$00000003
    rtexit2.o(.ARM.exidx) refers to rtexit2.o(.ARM.Collect$$rtexit$$00000004) for .ARM.Collect$$rtexit$$00000004
    __raise.o(.text) refers to defsig.o(CL$$defsig) for __default_signal_handler
    defsig_general.o(.text) refers to sys_wrch.o(.text) for _ttywrch
    _get_argv_nomalloc.o(.text) refers (Special) to hrguard.o(.text) for __heap_region$guard
    _get_argv_nomalloc.o(.text) refers to defsig_rtmem_outer.o(.text) for __rt_SIGRTMEM
    _get_argv_nomalloc.o(.text) refers to sys_command.o(.text) for _sys_command_string
    sys_wrch.o(.text) refers (Special) to use_no_semi.o(.text) for __I$use$semihosting
    sys_wrch.o(.text) refers (Special) to indicate_semi.o(.text) for __semihosting_library_function
    sys_command.o(.text) refers (Special) to use_no_semi.o(.text) for __I$use$semihosting
    sys_command.o(.text) refers (Special) to indicate_semi.o(.text) for __semihosting_library_function
    sys_wrch_hlt.o(.text) refers (Special) to use_no_semi.o(.text) for __I$use$semihosting
    sys_wrch_hlt.o(.text) refers (Special) to indicate_semi.o(.text) for __semihosting_library_function
    sys_command_hlt.o(.text) refers (Special) to use_no_semi.o(.text) for __I$use$semihosting
    sys_command_hlt.o(.text) refers (Special) to indicate_semi.o(.text) for __semihosting_library_function
    defsig_rtmem_outer.o(.text) refers to defsig_rtmem_inner.o(.text) for __rt_SIGRTMEM_inner
    defsig_rtmem_outer.o(.text) refers to defsig_exit.o(.text) for __sig_exit
    defsig_rtmem_formal.o(.text) refers to rt_raise.o(.text) for __rt_raise
    defsig.o(CL$$defsig) refers to defsig_fpe_inner.o(.text) for __rt_SIGFPE_inner
    defsig.o(CL$$defsig) refers to defsig_rtmem_inner.o(.text) for __rt_SIGRTMEM_inner
    libshutdown.o(.ARM.Collect$$libshutdown$$00000000) refers (Special) to libshutdown2.o(.ARM.Collect$$libshutdown$$00000002) for __rt_lib_shutdown_cpp_1
    libshutdown.o(.ARM.Collect$$libshutdown$$00000000) refers (Special) to libshutdown2.o(.ARM.Collect$$libshutdown$$00000007) for __rt_lib_shutdown_fp_trap_1
    libshutdown.o(.ARM.Collect$$libshutdown$$00000000) refers (Special) to libshutdown2.o(.ARM.Collect$$libshutdown$$0000000F) for __rt_lib_shutdown_heap_1
    libshutdown.o(.ARM.Collect$$libshutdown$$00000000) refers (Special) to libshutdown2.o(.ARM.Collect$$libshutdown$$00000010) for __rt_lib_shutdown_return
    libshutdown.o(.ARM.Collect$$libshutdown$$00000000) refers (Special) to libshutdown2.o(.ARM.Collect$$libshutdown$$0000000A) for __rt_lib_shutdown_signal_1
    libshutdown.o(.ARM.Collect$$libshutdown$$00000000) refers (Special) to libshutdown2.o(.ARM.Collect$$libshutdown$$00000004) for __rt_lib_shutdown_stdio_1
    libshutdown.o(.ARM.Collect$$libshutdown$$00000000) refers (Special) to libshutdown2.o(.ARM.Collect$$libshutdown$$0000000C) for __rt_lib_shutdown_user_alloc_1
    defsig_abrt_inner.o(.text) refers to defsig_general.o(.text) for __default_signal_display
    defsig_rtred_inner.o(.text) refers to defsig_general.o(.text) for __default_signal_display
    defsig_rtmem_inner.o(.text) refers to defsig_general.o(.text) for __default_signal_display
    defsig_stak_inner.o(.text) refers to defsig_general.o(.text) for __default_signal_display
    defsig_pvfn_inner.o(.text) refers to defsig_general.o(.text) for __default_signal_display
    defsig_cppl_inner.o(.text) refers to defsig_general.o(.text) for __default_signal_display
    defsig_segv_inner.o(.text) refers to defsig_general.o(.text) for __default_signal_display
    defsig_other.o(.text) refers to defsig_general.o(.text) for __default_signal_display

